{
    "parse count data correctly - stub": {
        "content": [
            {
                "0": [
                    "deseq2.plots.pdf:md5,d41d8cd98f00b204e9800998ecf8427e"
                ],
                "1": [
                    "deseq2.dds.RData:md5,d41d8cd98f00b204e9800998ecf8427e"
                ],
                "2": [
                    "deseq2.pca.vals.txt:md5,d41d8cd98f00b204e9800998ecf8427e"
                ],
                "3": [
                    
                ],
                "4": [
                    "deseq2.sample.dists.txt:md5,d41d8cd98f00b204e9800998ecf8427e"
                ],
                "5": [
                    
                ],
                "6": [
                    "R_sessionInfo.log:md5,d41d8cd98f00b204e9800998ecf8427e"
                ],
                "7": [
                    [
                        "RAP1_IAA_30M_REP1.size_factors.RData:md5,d41d8cd98f00b204e9800998ecf8427e",
                        "RAP1_UNINDUCED_REP1.size_factors.RData:md5,d41d8cd98f00b204e9800998ecf8427e",
                        "RAP1_UNINDUCED_REP2.size_factors.RData:md5,d41d8cd98f00b204e9800998ecf8427e",
                        "WT_REP1.size_factors.RData:md5,d41d8cd98f00b204e9800998ecf8427e",
                        "WT_REP2.size_factors.RData:md5,d41d8cd98f00b204e9800998ecf8427e",
                        "deseq2.size_factors.RData:md5,d41d8cd98f00b204e9800998ecf8427e"
                    ]
                ],
                "8": [
                    [
                        "DESEQ2_QC",
                        "r-base",
                        "4.4.2"
                    ]
                ],
                "9": [
                    [
                        "DESEQ2_QC",
                        "bioconductor-deseq2",
                        "1.46.0"
                    ]
                ],
                "dists_multiqc": [
                    
                ],
                "dists_txt": [
                    "deseq2.sample.dists.txt:md5,d41d8cd98f00b204e9800998ecf8427e"
                ],
                "log": [
                    "R_sessionInfo.log:md5,d41d8cd98f00b204e9800998ecf8427e"
                ],
                "pca_multiqc": [
                    
                ],
                "pca_txt": [
                    "deseq2.pca.vals.txt:md5,d41d8cd98f00b204e9800998ecf8427e"
                ],
                "pdf": [
                    "deseq2.plots.pdf:md5,d41d8cd98f00b204e9800998ecf8427e"
                ],
                "rdata": [
                    "deseq2.dds.RData:md5,d41d8cd98f00b204e9800998ecf8427e"
                ],
                "size_factors": [
                    [
                        "RAP1_IAA_30M_REP1.size_factors.RData:md5,d41d8cd98f00b204e9800998ecf8427e",
                        "RAP1_UNINDUCED_REP1.size_factors.RData:md5,d41d8cd98f00b204e9800998ecf8427e",
                        "RAP1_UNINDUCED_REP2.size_factors.RData:md5,d41d8cd98f00b204e9800998ecf8427e",
                        "WT_REP1.size_factors.RData:md5,d41d8cd98f00b204e9800998ecf8427e",
                        "WT_REP2.size_factors.RData:md5,d41d8cd98f00b204e9800998ecf8427e",
                        "deseq2.size_factors.RData:md5,d41d8cd98f00b204e9800998ecf8427e"
                    ]
                ]
            }
        ],
        "timestamp": "2026-04-22T19:16:49.535920219",
        "meta": {
            "nf-test": "0.9.5",
            "nextflow": "25.10.4"
        }
    },
    "parse count data correctly": {
        "content": [
            [
                
            ],
            [
                
            ]
        ],
        "timestamp": "2025-11-27T13:28:49.884314",
        "meta": {
            "nf-test": "0.9.2",
            "nextflow": "25.10.0"
        }
    }
}